../Core/Src/main.c:74:6:HAL_GPIO_EXTI_Callback	16	static
../Core/Src/main.c:120:8:delay_us	16	static
../Core/Src/main.c:84:5:main	56	static
../Core/Src/main.c:184:6:SystemClock_Config	88	static
../Core/Src/main.c:231:13:MX_ADC1_Init	24	static
../Core/Src/main.c:283:13:MX_TIM2_Init	32	static
../Core/Src/main.c:328:13:MX_USART1_UART_Init	8	static
../Core/Src/main.c:361:13:MX_USART2_UART_Init	8	static
../Core/Src/main.c:394:13:MX_GPIO_Init	48	static
../Core/Src/main.c:444:6:Error_Handler	4	static,ignoring_inline_asm
