14:13:13 **** Incremental Build of configuration Debug for project STM32_THERMOCOUPLE ****
make -j20 all 
arm-none-eabi-gcc "../Core/Src/main.c" -mcpu=cortex-m4 -std=gnu11 -g3 -DDEBUG -DUSE_HAL_DRIVER -DSTM32F411xE -c -I../Core/Inc -I../Drivers/STM32F4xx_HAL_Driver/Inc -I../Drivers/STM32F4xx_HAL_Driver/Inc/Legacy -I../Drivers/CMSIS/Device/ST/STM32F4xx/Include -I../Drivers/CMSIS/Include -O0 -ffunction-sections -fdata-sections -Wall -fstack-usage -fcyclomatic-complexity -MMD -MP -MF"Core/Src/main.d" -MT"Core/Src/main.o" --specs=nano.specs -mfpu=fpv4-sp-d16 -mfloat-abi=hard -mthumb -o "Core/Src/main.o"
../Core/Src/main.c: In function 'main':
../Core/Src/main.c:149:27: warning: implicit declaration of function 'sprintf' [-Wimplicit-function-declaration]
  149 |                           sprintf(msg, "%u\r\n", thermoLog[i]);  // Print with carriage return
      |                           ^~~~~~~
../Core/Src/main.c:21:1: note: include '<stdio.h>' or provide a declaration of 'sprintf'
   20 | #include "main.h"
  +++ |+#include <stdio.h>
   21 | 
../Core/Src/main.c:149:27: warning: incompatible implicit declaration of built-in function 'sprintf' [-Wbuiltin-declaration-mismatch]
  149 |                           sprintf(msg, "%u\r\n", thermoLog[i]);  // Print with carriage return
      |                           ^~~~~~~
../Core/Src/main.c:149:27: note: include '<stdio.h>' or provide a declaration of 'sprintf'
../Core/Src/main.c:150:69: warning: implicit declaration of function 'strlen' [-Wimplicit-function-declaration]
  150 |                           HAL_UART_Transmit(&huart2, (uint8_t*)msg, strlen(msg), HAL_MAX_DELAY);
      |                                                                     ^~~~~~
../Core/Src/main.c:21:1: note: include '<string.h>' or provide a declaration of 'strlen'
   20 | #include "main.h"
  +++ |+#include <string.h>
   21 | 
../Core/Src/main.c:150:69: warning: incompatible implicit declaration of built-in function 'strlen' [-Wbuiltin-declaration-mismatch]
  150 |                           HAL_UART_Transmit(&huart2, (uint8_t*)msg, strlen(msg), HAL_MAX_DELAY);
      |                                                                     ^~~~~~
../Core/Src/main.c:150:69: note: include '<string.h>' or provide a declaration of 'strlen'
../Core/Src/main.c:153:37: warning: incompatible implicit declaration of built-in function 'strlen' [-Wbuiltin-declaration-mismatch]
  153 |                   uint16_t msgLen = strlen(msg); // Calculate message length
      |                                     ^~~~~~
../Core/Src/main.c:153:37: note: include '<string.h>' or provide a declaration of 'strlen'
arm-none-eabi-gcc -o "STM32_THERMOCOUPLE.elf" @"objects.list"   -mcpu=cortex-m4 -T"C:\Users\natha\OneDrive\Documents\Thorne Lab\Gravity-Plunger\Thermocouple\STM32_THERMOCOUPLE\STM32F411RETX_FLASH.ld" --specs=nosys.specs -Wl,-Map="STM32_THERMOCOUPLE.map" -Wl,--gc-sections -static --specs=nano.specs -mfpu=fpv4-sp-d16 -mfloat-abi=hard -mthumb -Wl,--start-group -lc -lm -Wl,--end-group
Finished building target: STM32_THERMOCOUPLE.elf
 
arm-none-eabi-size  STM32_THERMOCOUPLE.elf 
arm-none-eabi-objdump -h -S STM32_THERMOCOUPLE.elf  > "STM32_THERMOCOUPLE.list"
   text	   data	    bss	    dec	    hex	filename
  16464	     92	   6276	  22832	   5930	STM32_THERMOCOUPLE.elf
Finished building: default.size.stdout
 
Finished building: STM32_THERMOCOUPLE.list
 
14:13:16 **** Incremental Build of configuration Debug for project STM32_THERMOCOUPLE ****
make -j20 all 
arm-none-eabi-size  STM32_THERMOCOUPLE.elf 
   text	   data	    bss	    dec	    hex	filename
  16464	     92	   6276	  22832	   5930	STM32_THERMOCOUPLE.elf
Finished building: default.size.stdout
 
14:13:58 **** Incremental Build of configuration Debug for project STM32_THERMOCOUPLE ****
make -j20 all 
arm-none-eabi-gcc "../Core/Src/main.c" -mcpu=cortex-m4 -std=gnu11 -g3 -DDEBUG -DUSE_HAL_DRIVER -DSTM32F411xE -c -I../Core/Inc -I../Drivers/STM32F4xx_HAL_Driver/Inc -I../Drivers/STM32F4xx_HAL_Driver/Inc/Legacy -I../Drivers/CMSIS/Device/ST/STM32F4xx/Include -I../Drivers/CMSIS/Include -O0 -ffunction-sections -fdata-sections -Wall -fstack-usage -fcyclomatic-complexity -MMD -MP -MF"Core/Src/main.d" -MT"Core/Src/main.o" --specs=nano.specs -mfpu=fpv4-sp-d16 -mfloat-abi=hard -mthumb -o "Core/Src/main.o"
arm-none-eabi-gcc "../Core/Src/stm32f4xx_hal_msp.c" -mcpu=cortex-m4 -std=gnu11 -g3 -DDEBUG -DUSE_HAL_DRIVER -DSTM32F411xE -c -I../Core/Inc -I../Drivers/STM32F4xx_HAL_Driver/Inc -I../Drivers/STM32F4xx_HAL_Driver/Inc/Legacy -I../Drivers/CMSIS/Device/ST/STM32F4xx/Include -I../Drivers/CMSIS/Include -O0 -ffunction-sections -fdata-sections -Wall -fstack-usage -fcyclomatic-complexity -MMD -MP -MF"Core/Src/stm32f4xx_hal_msp.d" -MT"Core/Src/stm32f4xx_hal_msp.o" --specs=nano.specs -mfpu=fpv4-sp-d16 -mfloat-abi=hard -mthumb -o "Core/Src/stm32f4xx_hal_msp.o"
arm-none-eabi-gcc "../Core/Src/stm32f4xx_it.c" -mcpu=cortex-m4 -std=gnu11 -g3 -DDEBUG -DUSE_HAL_DRIVER -DSTM32F411xE -c -I../Core/Inc -I../Drivers/STM32F4xx_HAL_Driver/Inc -I../Drivers/STM32F4xx_HAL_Driver/Inc/Legacy -I../Drivers/CMSIS/Device/ST/STM32F4xx/Include -I../Drivers/CMSIS/Include -O0 -ffunction-sections -fdata-sections -Wall -fstack-usage -fcyclomatic-complexity -MMD -MP -MF"Core/Src/stm32f4xx_it.d" -MT"Core/Src/stm32f4xx_it.o" --specs=nano.specs -mfpu=fpv4-sp-d16 -mfloat-abi=hard -mthumb -o "Core/Src/stm32f4xx_it.o"
../Core/Src/main.c: In function 'main':
../Core/Src/main.c:149:27: warning: implicit declaration of function 'sprintf' [-Wimplicit-function-declaration]
  149 |                           sprintf(msg, "%u\r\n", thermoLog[i]);  // Print with carriage return
      |                           ^~~~~~~
../Core/Src/main.c:21:1: note: include '<stdio.h>' or provide a declaration of 'sprintf'
   20 | #include "main.h"
  +++ |+#include <stdio.h>
   21 | 
../Core/Src/main.c:149:27: warning: incompatible implicit declaration of built-in function 'sprintf' [-Wbuiltin-declaration-mismatch]
  149 |                           sprintf(msg, "%u\r\n", thermoLog[i]);  // Print with carriage return
      |                           ^~~~~~~
../Core/Src/main.c:149:27: note: include '<stdio.h>' or provide a declaration of 'sprintf'
../Core/Src/main.c:150:69: warning: implicit declaration of function 'strlen' [-Wimplicit-function-declaration]
  150 |                           HAL_UART_Transmit(&huart2, (uint8_t*)msg, strlen(msg), HAL_MAX_DELAY);
      |                                                                     ^~~~~~
../Core/Src/main.c:21:1: note: include '<string.h>' or provide a declaration of 'strlen'
   20 | #include "main.h"
  +++ |+#include <string.h>
   21 | 
../Core/Src/main.c:150:69: warning: incompatible implicit declaration of built-in function 'strlen' [-Wbuiltin-declaration-mismatch]
  150 |                           HAL_UART_Transmit(&huart2, (uint8_t*)msg, strlen(msg), HAL_MAX_DELAY);
      |                                                                     ^~~~~~
../Core/Src/main.c:150:69: note: include '<string.h>' or provide a declaration of 'strlen'
../Core/Src/main.c:153:37: warning: incompatible implicit declaration of built-in function 'strlen' [-Wbuiltin-declaration-mismatch]
  153 |                   uint16_t msgLen = strlen(msg); // Calculate message length
      |                                     ^~~~~~
../Core/Src/main.c:153:37: note: include '<string.h>' or provide a declaration of 'strlen'
arm-none-eabi-gcc -o "STM32_THERMOCOUPLE.elf" @"objects.list"   -mcpu=cortex-m4 -T"C:\Users\natha\OneDrive\Documents\Thorne Lab\Gravity-Plunger\Thermocouple\STM32_THERMOCOUPLE\STM32F411RETX_FLASH.ld" --specs=nosys.specs -Wl,-Map="STM32_THERMOCOUPLE.map" -Wl,--gc-sections -static --specs=nano.specs -mfpu=fpv4-sp-d16 -mfloat-abi=hard -mthumb -Wl,--start-group -lc -lm -Wl,--end-group
Finished building target: STM32_THERMOCOUPLE.elf
 
arm-none-eabi-size  STM32_THERMOCOUPLE.elf 
arm-none-eabi-objdump -h -S STM32_THERMOCOUPLE.elf  > "STM32_THERMOCOUPLE.list"
   text	   data	    bss	    dec	    hex	filename
  16464	     92	  10276	  26832	   68d0	STM32_THERMOCOUPLE.elf
Finished building: default.size.stdout
 
Finished building: STM32_THERMOCOUPLE.list
 
