16:29:32 **** Incremental Build of configuration Debug for project STM32_THERMOCOUPLE ****
make -j20 all 
arm-none-eabi-size  STM32_THERMOCOUPLE.elf 
   text	   data	    bss	    dec	    hex	filename
  14112	     92	  82132	  96336	  17850	STM32_THERMOCOUPLE.elf
Finished building: default.size.stdout
 
16:29:34 **** Incremental Build of configuration Debug for project STM32_THERMOCOUPLE ****
make -j20 all 
arm-none-eabi-size  STM32_THERMOCOUPLE.elf 
   text	   data	    bss	    dec	    hex	filename
  14112	     92	  82132	  96336	  17850	STM32_THERMOCOUPLE.elf
Finished building: default.size.stdout
 
16:31:23 **** Incremental Build of configuration Debug for project STM32_THERMOCOUPLE ****
make -j20 all 
arm-none-eabi-gcc "../Core/Src/main.c" -mcpu=cortex-m4 -std=gnu11 -g3 -DDEBUG -DUSE_HAL_DRIVER -DSTM32F411xE -c -I../Core/Inc -I../Drivers/STM32F4xx_HAL_Driver/Inc -I../Drivers/STM32F4xx_HAL_Driver/Inc/Legacy -I../Drivers/CMSIS/Device/ST/STM32F4xx/Include -I../Drivers/CMSIS/Include -O0 -ffunction-sections -fdata-sections -Wall -fstack-usage -fcyclomatic-complexity -MMD -MP -MF"Core/Src/main.d" -MT"Core/Src/main.o" --specs=nano.specs -mfpu=fpv4-sp-d16 -mfloat-abi=hard -mthumb -o "Core/Src/main.o"
../Core/Src/main.c: In function 'main':
../Core/Src/main.c:126:11: warning: implicit declaration of function 'sprintf' [-Wimplicit-function-declaration]
  126 |           sprintf(msg, "%u\r\n", current_temp);  // Print with carriage return
      |           ^~~~~~~
../Core/Src/main.c:21:1: note: include '<stdio.h>' or provide a declaration of 'sprintf'
   20 | #include "main.h"
  +++ |+#include <stdio.h>
   21 | 
../Core/Src/main.c:126:11: warning: incompatible implicit declaration of built-in function 'sprintf' [-Wbuiltin-declaration-mismatch]
  126 |           sprintf(msg, "%u\r\n", current_temp);  // Print with carriage return
      |           ^~~~~~~
../Core/Src/main.c:126:11: note: include '<stdio.h>' or provide a declaration of 'sprintf'
../Core/Src/main.c:126:26: warning: format '%u' expects argument of type 'unsigned int', but argument 3 has type 'uint32_t' {aka 'long unsigned int'} [-Wformat=]
  126 |           sprintf(msg, "%u\r\n", current_temp);  // Print with carriage return
      |                         ~^       ~~~~~~~~~~~~
      |                          |       |
      |                          |       uint32_t {aka long unsigned int}
      |                          unsigned int
      |                         %lu
../Core/Src/main.c:127:53: warning: implicit declaration of function 'strlen' [-Wimplicit-function-declaration]
  127 |           HAL_UART_Transmit(&huart2, (uint8_t*)msg, strlen(msg), HAL_MAX_DELAY);
      |                                                     ^~~~~~
../Core/Src/main.c:21:1: note: include '<string.h>' or provide a declaration of 'strlen'
   20 | #include "main.h"
  +++ |+#include <string.h>
   21 | 
../Core/Src/main.c:127:53: warning: incompatible implicit declaration of built-in function 'strlen' [-Wbuiltin-declaration-mismatch]
  127 |           HAL_UART_Transmit(&huart2, (uint8_t*)msg, strlen(msg), HAL_MAX_DELAY);
      |                                                     ^~~~~~
../Core/Src/main.c:127:53: note: include '<string.h>' or provide a declaration of 'strlen'
arm-none-eabi-gcc -o "STM32_THERMOCOUPLE.elf" @"objects.list"   -mcpu=cortex-m4 -T"C:\Users\natha\OneDrive\Documents\Thorne Lab\Gravity-Plunger\Thermocouple\STM32_THERMOCOUPLE\STM32F411RETX_FLASH.ld" --specs=nosys.specs -Wl,-Map="STM32_THERMOCOUPLE.map" -Wl,--gc-sections -static --specs=nano.specs -mfpu=fpv4-sp-d16 -mfloat-abi=hard -mthumb -Wl,--start-group -lc -lm -Wl,--end-group
Finished building target: STM32_THERMOCOUPLE.elf
 
arm-none-eabi-size  STM32_THERMOCOUPLE.elf 
arm-none-eabi-objdump -h -S STM32_THERMOCOUPLE.elf  > "STM32_THERMOCOUPLE.list"
   text	   data	    bss	    dec	    hex	filename
  14116	     92	  82132	  96340	  17854	STM32_THERMOCOUPLE.elf
Finished building: default.size.stdout
 
Finished building: STM32_THERMOCOUPLE.list
 
16:33:31 **** Incremental Build of configuration Debug for project STM32_THERMOCOUPLE ****
make -j20 all 
arm-none-eabi-gcc "../Core/Src/main.c" -mcpu=cortex-m4 -std=gnu11 -g3 -DDEBUG -DUSE_HAL_DRIVER -DSTM32F411xE -c -I../Core/Inc -I../Drivers/STM32F4xx_HAL_Driver/Inc -I../Drivers/STM32F4xx_HAL_Driver/Inc/Legacy -I../Drivers/CMSIS/Device/ST/STM32F4xx/Include -I../Drivers/CMSIS/Include -O0 -ffunction-sections -fdata-sections -Wall -fstack-usage -fcyclomatic-complexity -MMD -MP -MF"Core/Src/main.d" -MT"Core/Src/main.o" --specs=nano.specs -mfpu=fpv4-sp-d16 -mfloat-abi=hard -mthumb -o "Core/Src/main.o"
../Core/Src/main.c: In function 'main':
../Core/Src/main.c:126:11: warning: implicit declaration of function 'sprintf' [-Wimplicit-function-declaration]
  126 |           sprintf(msg, "%u\r\n", current_temp);  // Print with carriage return
      |           ^~~~~~~
../Core/Src/main.c:21:1: note: include '<stdio.h>' or provide a declaration of 'sprintf'
   20 | #include "main.h"
  +++ |+#include <stdio.h>
   21 | 
../Core/Src/main.c:126:11: warning: incompatible implicit declaration of built-in function 'sprintf' [-Wbuiltin-declaration-mismatch]
  126 |           sprintf(msg, "%u\r\n", current_temp);  // Print with carriage return
      |           ^~~~~~~
../Core/Src/main.c:126:11: note: include '<stdio.h>' or provide a declaration of 'sprintf'
../Core/Src/main.c:126:26: warning: format '%u' expects argument of type 'unsigned int', but argument 3 has type 'uint32_t' {aka 'long unsigned int'} [-Wformat=]
  126 |           sprintf(msg, "%u\r\n", current_temp);  // Print with carriage return
      |                         ~^       ~~~~~~~~~~~~
      |                          |       |
      |                          |       uint32_t {aka long unsigned int}
      |                          unsigned int
      |                         %lu
../Core/Src/main.c:127:53: warning: implicit declaration of function 'strlen' [-Wimplicit-function-declaration]
  127 |           HAL_UART_Transmit(&huart2, (uint8_t*)msg, strlen(msg), HAL_MAX_DELAY);
      |                                                     ^~~~~~
../Core/Src/main.c:21:1: note: include '<string.h>' or provide a declaration of 'strlen'
   20 | #include "main.h"
  +++ |+#include <string.h>
   21 | 
../Core/Src/main.c:127:53: warning: incompatible implicit declaration of built-in function 'strlen' [-Wbuiltin-declaration-mismatch]
  127 |           HAL_UART_Transmit(&huart2, (uint8_t*)msg, strlen(msg), HAL_MAX_DELAY);
      |                                                     ^~~~~~
../Core/Src/main.c:127:53: note: include '<string.h>' or provide a declaration of 'strlen'
arm-none-eabi-gcc -o "STM32_THERMOCOUPLE.elf" @"objects.list"   -mcpu=cortex-m4 -T"C:\Users\natha\OneDrive\Documents\Thorne Lab\Gravity-Plunger\Thermocouple\STM32_THERMOCOUPLE\STM32F411RETX_FLASH.ld" --specs=nosys.specs -Wl,-Map="STM32_THERMOCOUPLE.map" -Wl,--gc-sections -static --specs=nano.specs -mfpu=fpv4-sp-d16 -mfloat-abi=hard -mthumb -Wl,--start-group -lc -lm -Wl,--end-group
Finished building target: STM32_THERMOCOUPLE.elf
 
arm-none-eabi-size  STM32_THERMOCOUPLE.elf 
arm-none-eabi-objdump -h -S STM32_THERMOCOUPLE.elf  > "STM32_THERMOCOUPLE.list"
   text	   data	    bss	    dec	    hex	filename
  14112	     92	  82132	  96336	  17850	STM32_THERMOCOUPLE.elf
Finished building: default.size.stdout
 
Finished building: STM32_THERMOCOUPLE.list
 
16:53:41 **** Incremental Build of configuration Debug for project STM32_THERMOCOUPLE ****
make -j20 all 
arm-none-eabi-gcc "../Core/Src/main.c" -mcpu=cortex-m4 -std=gnu11 -g3 -DDEBUG -DUSE_HAL_DRIVER -DSTM32F411xE -c -I../Core/Inc -I../Drivers/STM32F4xx_HAL_Driver/Inc -I../Drivers/STM32F4xx_HAL_Driver/Inc/Legacy -I../Drivers/CMSIS/Device/ST/STM32F4xx/Include -I../Drivers/CMSIS/Include -O0 -ffunction-sections -fdata-sections -Wall -fstack-usage -fcyclomatic-complexity -MMD -MP -MF"Core/Src/main.d" -MT"Core/Src/main.o" --specs=nano.specs -mfpu=fpv4-sp-d16 -mfloat-abi=hard -mthumb -o "Core/Src/main.o"
../Core/Src/main.c: In function 'main':
../Core/Src/main.c:126:11: warning: implicit declaration of function 'sprintf' [-Wimplicit-function-declaration]
  126 |           sprintf(msg, "%u\r\n", current_temp);  // Print with carriage return
      |           ^~~~~~~
../Core/Src/main.c:21:1: note: include '<stdio.h>' or provide a declaration of 'sprintf'
   20 | #include "main.h"
  +++ |+#include <stdio.h>
   21 | 
../Core/Src/main.c:126:11: warning: incompatible implicit declaration of built-in function 'sprintf' [-Wbuiltin-declaration-mismatch]
  126 |           sprintf(msg, "%u\r\n", current_temp);  // Print with carriage return
      |           ^~~~~~~
../Core/Src/main.c:126:11: note: include '<stdio.h>' or provide a declaration of 'sprintf'
../Core/Src/main.c:126:26: warning: format '%u' expects argument of type 'unsigned int', but argument 3 has type 'uint32_t' {aka 'long unsigned int'} [-Wformat=]
  126 |           sprintf(msg, "%u\r\n", current_temp);  // Print with carriage return
      |                         ~^       ~~~~~~~~~~~~
      |                          |       |
      |                          |       uint32_t {aka long unsigned int}
      |                          unsigned int
      |                         %lu
../Core/Src/main.c:127:53: warning: implicit declaration of function 'strlen' [-Wimplicit-function-declaration]
  127 |           HAL_UART_Transmit(&huart2, (uint8_t*)msg, strlen(msg), HAL_MAX_DELAY);
      |                                                     ^~~~~~
../Core/Src/main.c:21:1: note: include '<string.h>' or provide a declaration of 'strlen'
   20 | #include "main.h"
  +++ |+#include <string.h>
   21 | 
../Core/Src/main.c:127:53: warning: incompatible implicit declaration of built-in function 'strlen' [-Wbuiltin-declaration-mismatch]
  127 |           HAL_UART_Transmit(&huart2, (uint8_t*)msg, strlen(msg), HAL_MAX_DELAY);
      |                                                     ^~~~~~
../Core/Src/main.c:127:53: note: include '<string.h>' or provide a declaration of 'strlen'
arm-none-eabi-gcc -o "STM32_THERMOCOUPLE.elf" @"objects.list"   -mcpu=cortex-m4 -T"C:\Users\natha\OneDrive\Documents\Thorne Lab\Gravity-Plunger\Thermocouple\STM32_THERMOCOUPLE\STM32F411RETX_FLASH.ld" --specs=nosys.specs -Wl,-Map="STM32_THERMOCOUPLE.map" -Wl,--gc-sections -static --specs=nano.specs -mfpu=fpv4-sp-d16 -mfloat-abi=hard -mthumb -Wl,--start-group -lc -lm -Wl,--end-group
Finished building target: STM32_THERMOCOUPLE.elf
 
arm-none-eabi-size  STM32_THERMOCOUPLE.elf 
arm-none-eabi-objdump -h -S STM32_THERMOCOUPLE.elf  > "STM32_THERMOCOUPLE.list"
   text	   data	    bss	    dec	    hex	filename
  14112	     92	  82132	  96336	  17850	STM32_THERMOCOUPLE.elf
Finished building: default.size.stdout
 
Finished building: STM32_THERMOCOUPLE.list
 
